positionalArguments
| arguments.ps1:1:5:1:5 | 1 | 0 |
namedArguments
| arguments.ps1:2:8:2:8 | 1 | x |
| arguments.ps1:3:8:3:8 | 1 | x |
| arguments.ps1:7:8:7:8 | 1 | x |
| arguments.ps1:7:13:7:13 | 2 | y |
| arguments.ps1:8:8:8:8 | 1 | x |
| arguments.ps1:8:13:8:13 | 2 | y |
