| test2.c:86:6:86:29 | sizeof(<expr>) | $@: $@ of $@ inside sizeof. | test2.c:86:6:86:29 | sizeof(<expr>) | binary operator | test2.c:64:6:64:11 | Test01 | Usage | test2.c:86:13:86:28 | ... / ... | binary operator |
| test2.c:86:6:86:29 | sizeof(<expr>) | $@: $@ of $@ inside sizeof. | test2.c:86:6:86:29 | sizeof(<expr>) | binary operator | test.c:64:6:64:11 | Test01 | Usage | test2.c:86:13:86:28 | ... / ... | binary operator |
| test2.c:93:6:93:30 | sizeof(<expr>) | $@: $@ of $@ inside sizeof. | test2.c:93:6:93:30 | sizeof(<expr>) | binary operator | test2.c:64:6:64:11 | Test01 | Usage | test2.c:93:13:93:29 | ... * ... | binary operator |
| test2.c:93:6:93:30 | sizeof(<expr>) | $@: $@ of $@ inside sizeof. | test2.c:93:6:93:30 | sizeof(<expr>) | binary operator | test.c:64:6:64:11 | Test01 | Usage | test2.c:93:13:93:29 | ... * ... | binary operator |
| test2.c:95:6:95:35 | sizeof(<expr>) | $@: $@ of $@ inside sizeof. | test2.c:95:6:95:35 | sizeof(<expr>) | binary operator | test2.c:64:6:64:11 | Test01 | Usage | test2.c:95:13:95:34 | ... * ... | binary operator |
| test2.c:95:6:95:35 | sizeof(<expr>) | $@: $@ of $@ inside sizeof. | test2.c:95:6:95:35 | sizeof(<expr>) | binary operator | test.c:64:6:64:11 | Test01 | Usage | test2.c:95:13:95:34 | ... * ... | binary operator |
| test2.c:98:6:98:31 | sizeof(<expr>) | $@: $@ of $@ inside sizeof. | test2.c:98:6:98:31 | sizeof(<expr>) | sizeof | test2.c:64:6:64:11 | Test01 | Usage | test2.c:98:13:98:30 | sizeof(int) | sizeof |
| test2.c:98:6:98:31 | sizeof(<expr>) | $@: $@ of $@ inside sizeof. | test2.c:98:6:98:31 | sizeof(<expr>) | sizeof | test.c:64:6:64:11 | Test01 | Usage | test2.c:98:13:98:30 | sizeof(int) | sizeof |
| test2.c:116:6:116:24 | sizeof(<expr>) | $@: $@ of $@ inside sizeof. | test2.c:116:6:116:24 | sizeof(<expr>) | sizeof | test2.c:64:6:64:11 | Test01 | Usage | test2.c:116:13:116:23 | sizeof(int) | sizeof |
| test2.c:116:6:116:24 | sizeof(<expr>) | $@: $@ of $@ inside sizeof. | test2.c:116:6:116:24 | sizeof(<expr>) | sizeof | test.c:64:6:64:11 | Test01 | Usage | test2.c:116:13:116:23 | sizeof(int) | sizeof |
| test2.c:117:6:117:18 | sizeof(<expr>) | $@: $@ of $@ inside sizeof. | test2.c:117:6:117:18 | sizeof(<expr>) | binary operator | test2.c:64:6:64:11 | Test01 | Usage | test2.c:117:13:117:17 | ... + ... | binary operator |
| test2.c:117:6:117:18 | sizeof(<expr>) | $@: $@ of $@ inside sizeof. | test2.c:117:6:117:18 | sizeof(<expr>) | binary operator | test.c:64:6:64:11 | Test01 | Usage | test2.c:117:13:117:17 | ... + ... | binary operator |
| test2.cpp:89:6:89:29 | sizeof(<expr>) | $@: $@ of $@ inside sizeof. | test2.cpp:89:6:89:29 | sizeof(<expr>) | binary operator | test2.cpp:66:6:66:11 | Test01 | Usage | test2.cpp:89:13:89:28 | ... / ... | binary operator |
| test2.cpp:89:6:89:29 | sizeof(<expr>) | $@: $@ of $@ inside sizeof. | test2.cpp:89:6:89:29 | sizeof(<expr>) | binary operator | test.cpp:66:6:66:11 | Test01 | Usage | test2.cpp:89:13:89:28 | ... / ... | binary operator |
| test2.cpp:96:6:96:30 | sizeof(<expr>) | $@: $@ of $@ inside sizeof. | test2.cpp:96:6:96:30 | sizeof(<expr>) | binary operator | test2.cpp:66:6:66:11 | Test01 | Usage | test2.cpp:96:13:96:29 | ... * ... | binary operator |
| test2.cpp:96:6:96:30 | sizeof(<expr>) | $@: $@ of $@ inside sizeof. | test2.cpp:96:6:96:30 | sizeof(<expr>) | binary operator | test.cpp:66:6:66:11 | Test01 | Usage | test2.cpp:96:13:96:29 | ... * ... | binary operator |
| test2.cpp:98:6:98:35 | sizeof(<expr>) | $@: $@ of $@ inside sizeof. | test2.cpp:98:6:98:35 | sizeof(<expr>) | binary operator | test2.cpp:66:6:66:11 | Test01 | Usage | test2.cpp:98:13:98:34 | ... * ... | binary operator |
| test2.cpp:98:6:98:35 | sizeof(<expr>) | $@: $@ of $@ inside sizeof. | test2.cpp:98:6:98:35 | sizeof(<expr>) | binary operator | test.cpp:66:6:66:11 | Test01 | Usage | test2.cpp:98:13:98:34 | ... * ... | binary operator |
| test2.cpp:101:6:101:31 | sizeof(<expr>) | $@: $@ of $@ inside sizeof. | test2.cpp:101:6:101:31 | sizeof(<expr>) | sizeof | test2.cpp:66:6:66:11 | Test01 | Usage | test2.cpp:101:13:101:30 | sizeof(int) | sizeof |
| test2.cpp:101:6:101:31 | sizeof(<expr>) | $@: $@ of $@ inside sizeof. | test2.cpp:101:6:101:31 | sizeof(<expr>) | sizeof | test.cpp:66:6:66:11 | Test01 | Usage | test2.cpp:101:13:101:30 | sizeof(int) | sizeof |
| test2.cpp:120:6:120:24 | sizeof(<expr>) | $@: $@ of $@ inside sizeof. | test2.cpp:120:6:120:24 | sizeof(<expr>) | sizeof | test2.cpp:66:6:66:11 | Test01 | Usage | test2.cpp:120:13:120:23 | sizeof(int) | sizeof |
| test2.cpp:120:6:120:24 | sizeof(<expr>) | $@: $@ of $@ inside sizeof. | test2.cpp:120:6:120:24 | sizeof(<expr>) | sizeof | test.cpp:66:6:66:11 | Test01 | Usage | test2.cpp:120:13:120:23 | sizeof(int) | sizeof |
| test2.cpp:121:6:121:18 | sizeof(<expr>) | $@: $@ of $@ inside sizeof. | test2.cpp:121:6:121:18 | sizeof(<expr>) | binary operator | test2.cpp:66:6:66:11 | Test01 | Usage | test2.cpp:121:13:121:17 | ... + ... | binary operator |
| test2.cpp:121:6:121:18 | sizeof(<expr>) | $@: $@ of $@ inside sizeof. | test2.cpp:121:6:121:18 | sizeof(<expr>) | binary operator | test.cpp:66:6:66:11 | Test01 | Usage | test2.cpp:121:13:121:17 | ... + ... | binary operator |
| test.c:86:6:86:29 | sizeof(<expr>) | $@: $@ of $@ inside sizeof. | test.c:86:6:86:29 | sizeof(<expr>) | binary operator | test2.c:64:6:64:11 | Test01 | Usage | test.c:86:13:86:28 | ... / ... | binary operator |
| test.c:86:6:86:29 | sizeof(<expr>) | $@: $@ of $@ inside sizeof. | test.c:86:6:86:29 | sizeof(<expr>) | binary operator | test.c:64:6:64:11 | Test01 | Usage | test.c:86:13:86:28 | ... / ... | binary operator |
| test.c:93:6:93:30 | sizeof(<expr>) | $@: $@ of $@ inside sizeof. | test.c:93:6:93:30 | sizeof(<expr>) | binary operator | test2.c:64:6:64:11 | Test01 | Usage | test.c:93:13:93:29 | ... * ... | binary operator |
| test.c:93:6:93:30 | sizeof(<expr>) | $@: $@ of $@ inside sizeof. | test.c:93:6:93:30 | sizeof(<expr>) | binary operator | test.c:64:6:64:11 | Test01 | Usage | test.c:93:13:93:29 | ... * ... | binary operator |
| test.c:95:6:95:35 | sizeof(<expr>) | $@: $@ of $@ inside sizeof. | test.c:95:6:95:35 | sizeof(<expr>) | binary operator | test2.c:64:6:64:11 | Test01 | Usage | test.c:95:13:95:34 | ... * ... | binary operator |
| test.c:95:6:95:35 | sizeof(<expr>) | $@: $@ of $@ inside sizeof. | test.c:95:6:95:35 | sizeof(<expr>) | binary operator | test.c:64:6:64:11 | Test01 | Usage | test.c:95:13:95:34 | ... * ... | binary operator |
| test.c:98:6:98:31 | sizeof(<expr>) | $@: $@ of $@ inside sizeof. | test.c:98:6:98:31 | sizeof(<expr>) | sizeof | test2.c:64:6:64:11 | Test01 | Usage | test.c:98:13:98:30 | sizeof(int) | sizeof |
| test.c:98:6:98:31 | sizeof(<expr>) | $@: $@ of $@ inside sizeof. | test.c:98:6:98:31 | sizeof(<expr>) | sizeof | test.c:64:6:64:11 | Test01 | Usage | test.c:98:13:98:30 | sizeof(int) | sizeof |
| test.c:116:6:116:24 | sizeof(<expr>) | $@: $@ of $@ inside sizeof. | test.c:116:6:116:24 | sizeof(<expr>) | sizeof | test2.c:64:6:64:11 | Test01 | Usage | test.c:116:13:116:23 | sizeof(int) | sizeof |
| test.c:116:6:116:24 | sizeof(<expr>) | $@: $@ of $@ inside sizeof. | test.c:116:6:116:24 | sizeof(<expr>) | sizeof | test.c:64:6:64:11 | Test01 | Usage | test.c:116:13:116:23 | sizeof(int) | sizeof |
| test.c:117:6:117:18 | sizeof(<expr>) | $@: $@ of $@ inside sizeof. | test.c:117:6:117:18 | sizeof(<expr>) | binary operator | test2.c:64:6:64:11 | Test01 | Usage | test.c:117:13:117:17 | ... + ... | binary operator |
| test.c:117:6:117:18 | sizeof(<expr>) | $@: $@ of $@ inside sizeof. | test.c:117:6:117:18 | sizeof(<expr>) | binary operator | test.c:64:6:64:11 | Test01 | Usage | test.c:117:13:117:17 | ... + ... | binary operator |
| test.cpp:89:6:89:29 | sizeof(<expr>) | $@: $@ of $@ inside sizeof. | test.cpp:89:6:89:29 | sizeof(<expr>) | binary operator | test2.cpp:66:6:66:11 | Test01 | Usage | test.cpp:89:13:89:28 | ... / ... | binary operator |
| test.cpp:89:6:89:29 | sizeof(<expr>) | $@: $@ of $@ inside sizeof. | test.cpp:89:6:89:29 | sizeof(<expr>) | binary operator | test.cpp:66:6:66:11 | Test01 | Usage | test.cpp:89:13:89:28 | ... / ... | binary operator |
| test.cpp:96:6:96:30 | sizeof(<expr>) | $@: $@ of $@ inside sizeof. | test.cpp:96:6:96:30 | sizeof(<expr>) | binary operator | test2.cpp:66:6:66:11 | Test01 | Usage | test.cpp:96:13:96:29 | ... * ... | binary operator |
| test.cpp:96:6:96:30 | sizeof(<expr>) | $@: $@ of $@ inside sizeof. | test.cpp:96:6:96:30 | sizeof(<expr>) | binary operator | test.cpp:66:6:66:11 | Test01 | Usage | test.cpp:96:13:96:29 | ... * ... | binary operator |
| test.cpp:98:6:98:35 | sizeof(<expr>) | $@: $@ of $@ inside sizeof. | test.cpp:98:6:98:35 | sizeof(<expr>) | binary operator | test2.cpp:66:6:66:11 | Test01 | Usage | test.cpp:98:13:98:34 | ... * ... | binary operator |
| test.cpp:98:6:98:35 | sizeof(<expr>) | $@: $@ of $@ inside sizeof. | test.cpp:98:6:98:35 | sizeof(<expr>) | binary operator | test.cpp:66:6:66:11 | Test01 | Usage | test.cpp:98:13:98:34 | ... * ... | binary operator |
| test.cpp:101:6:101:31 | sizeof(<expr>) | $@: $@ of $@ inside sizeof. | test.cpp:101:6:101:31 | sizeof(<expr>) | sizeof | test2.cpp:66:6:66:11 | Test01 | Usage | test.cpp:101:13:101:30 | sizeof(int) | sizeof |
| test.cpp:101:6:101:31 | sizeof(<expr>) | $@: $@ of $@ inside sizeof. | test.cpp:101:6:101:31 | sizeof(<expr>) | sizeof | test.cpp:66:6:66:11 | Test01 | Usage | test.cpp:101:13:101:30 | sizeof(int) | sizeof |
| test.cpp:120:6:120:24 | sizeof(<expr>) | $@: $@ of $@ inside sizeof. | test.cpp:120:6:120:24 | sizeof(<expr>) | sizeof | test2.cpp:66:6:66:11 | Test01 | Usage | test.cpp:120:13:120:23 | sizeof(int) | sizeof |
| test.cpp:120:6:120:24 | sizeof(<expr>) | $@: $@ of $@ inside sizeof. | test.cpp:120:6:120:24 | sizeof(<expr>) | sizeof | test.cpp:66:6:66:11 | Test01 | Usage | test.cpp:120:13:120:23 | sizeof(int) | sizeof |
| test.cpp:121:6:121:18 | sizeof(<expr>) | $@: $@ of $@ inside sizeof. | test.cpp:121:6:121:18 | sizeof(<expr>) | binary operator | test2.cpp:66:6:66:11 | Test01 | Usage | test.cpp:121:13:121:17 | ... + ... | binary operator |
| test.cpp:121:6:121:18 | sizeof(<expr>) | $@: $@ of $@ inside sizeof. | test.cpp:121:6:121:18 | sizeof(<expr>) | binary operator | test.cpp:66:6:66:11 | Test01 | Usage | test.cpp:121:13:121:17 | ... + ... | binary operator |
