models
edges
| test.ps1:1:1:1:3 | [post] a [f] | test.ps1:2:6:2:8 | a [f] | provenance |  |
| test.ps1:1:8:1:18 | Source | test.ps1:1:1:1:3 | [post] a [f] | provenance |  |
| test.ps1:2:6:2:8 | a [f] | test.ps1:2:6:2:10 | f | provenance |  |
| test.ps1:8:1:8:6 | [post] arr1 [element 3] | test.ps1:9:6:9:11 | arr1 [element 3] | provenance |  |
| test.ps1:8:12:8:22 | Source | test.ps1:8:1:8:6 | [post] arr1 [element 3] | provenance |  |
| test.ps1:9:6:9:11 | arr1 [element 3] | test.ps1:9:6:9:14 | ...[...] | provenance |  |
| test.ps1:12:1:12:6 | [post] arr2 [element 4] | test.ps1:13:6:13:11 | arr2 [element 4] | provenance |  |
| test.ps1:12:19:12:29 | Source | test.ps1:12:1:12:6 | [post] arr2 [element 4] | provenance |  |
| test.ps1:13:6:13:11 | arr2 [element 4] | test.ps1:13:6:13:14 | ...[...] | provenance |  |
| test.ps1:15:1:15:6 | [post] arr3 [element 3] | test.ps1:16:6:16:11 | arr3 [element 3] | provenance |  |
| test.ps1:15:12:15:22 | Source | test.ps1:15:1:15:6 | [post] arr3 [element 3] | provenance |  |
| test.ps1:16:6:16:11 | arr3 [element 3] | test.ps1:16:6:16:21 | ...[...] | provenance |  |
| test.ps1:18:1:18:6 | [post] arr4 [element 0] | test.ps1:19:6:19:11 | arr4 [element 0] | provenance |  |
| test.ps1:18:1:18:6 | [post] arr4 [element 1] | test.ps1:19:6:19:11 | arr4 [element 1] | provenance |  |
| test.ps1:18:1:18:6 | [post] arr4 [element 2] | test.ps1:19:6:19:11 | arr4 [element 2] | provenance |  |
| test.ps1:18:1:18:6 | [post] arr4 [element 3] | test.ps1:19:6:19:11 | arr4 [element 3] | provenance |  |
| test.ps1:18:1:18:6 | [post] arr4 [element 4] | test.ps1:19:6:19:11 | arr4 [element 4] | provenance |  |
| test.ps1:18:20:18:30 | Source | test.ps1:18:1:18:6 | [post] arr4 [element 0] | provenance |  |
| test.ps1:18:20:18:30 | Source | test.ps1:18:1:18:6 | [post] arr4 [element 1] | provenance |  |
| test.ps1:18:20:18:30 | Source | test.ps1:18:1:18:6 | [post] arr4 [element 2] | provenance |  |
| test.ps1:18:20:18:30 | Source | test.ps1:18:1:18:6 | [post] arr4 [element 3] | provenance |  |
| test.ps1:18:20:18:30 | Source | test.ps1:18:1:18:6 | [post] arr4 [element 4] | provenance |  |
| test.ps1:19:6:19:11 | arr4 [element 0] | test.ps1:19:6:19:22 | ...[...] | provenance |  |
| test.ps1:19:6:19:11 | arr4 [element 1] | test.ps1:19:6:19:22 | ...[...] | provenance |  |
| test.ps1:19:6:19:11 | arr4 [element 2] | test.ps1:19:6:19:22 | ...[...] | provenance |  |
| test.ps1:19:6:19:11 | arr4 [element 3] | test.ps1:19:6:19:22 | ...[...] | provenance |  |
| test.ps1:19:6:19:11 | arr4 [element 4] | test.ps1:19:6:19:22 | ...[...] | provenance |  |
| test.ps1:21:1:21:6 | [post] arr5 [element 0, element 1] | test.ps1:22:6:22:11 | arr5 [element 0, element 1] | provenance |  |
| test.ps1:21:1:21:6 | [post] arr5 [element 1, element 1] | test.ps1:22:6:22:11 | arr5 [element 1, element 1] | provenance |  |
| test.ps1:21:1:21:6 | [post] arr5 [element 2, element 1] | test.ps1:22:6:22:11 | arr5 [element 2, element 1] | provenance |  |
| test.ps1:21:1:21:6 | [post] arr5 [element 3, element 1] | test.ps1:22:6:22:11 | arr5 [element 3, element 1] | provenance |  |
| test.ps1:21:1:21:6 | [post] arr5 [element 4, element 1] | test.ps1:22:6:22:11 | arr5 [element 4, element 1] | provenance |  |
| test.ps1:21:1:21:17 | [post] ...[...] [element 1] | test.ps1:21:1:21:6 | [post] arr5 [element 0, element 1] | provenance |  |
| test.ps1:21:1:21:17 | [post] ...[...] [element 1] | test.ps1:21:1:21:6 | [post] arr5 [element 1, element 1] | provenance |  |
| test.ps1:21:1:21:17 | [post] ...[...] [element 1] | test.ps1:21:1:21:6 | [post] arr5 [element 2, element 1] | provenance |  |
| test.ps1:21:1:21:17 | [post] ...[...] [element 1] | test.ps1:21:1:21:6 | [post] arr5 [element 3, element 1] | provenance |  |
| test.ps1:21:1:21:17 | [post] ...[...] [element 1] | test.ps1:21:1:21:6 | [post] arr5 [element 4, element 1] | provenance |  |
| test.ps1:21:23:21:33 | Source | test.ps1:21:1:21:17 | [post] ...[...] [element 1] | provenance |  |
| test.ps1:22:6:22:11 | arr5 [element 0, element 1] | test.ps1:22:6:22:22 | ...[...] [element 1] | provenance |  |
| test.ps1:22:6:22:11 | arr5 [element 1, element 1] | test.ps1:22:6:22:22 | ...[...] [element 1] | provenance |  |
| test.ps1:22:6:22:11 | arr5 [element 2, element 1] | test.ps1:22:6:22:22 | ...[...] [element 1] | provenance |  |
| test.ps1:22:6:22:11 | arr5 [element 3, element 1] | test.ps1:22:6:22:22 | ...[...] [element 1] | provenance |  |
| test.ps1:22:6:22:11 | arr5 [element 4, element 1] | test.ps1:22:6:22:22 | ...[...] [element 1] | provenance |  |
| test.ps1:22:6:22:22 | ...[...] [element 1] | test.ps1:22:6:22:25 | ...[...] | provenance |  |
| test.ps1:25:1:25:6 | [post] arr6 [element 1, element 0] | test.ps1:26:6:26:11 | arr6 [element 1, element 0] | provenance |  |
| test.ps1:25:1:25:6 | [post] arr6 [element 1, element 1] | test.ps1:26:6:26:11 | arr6 [element 1, element 1] | provenance |  |
| test.ps1:25:1:25:6 | [post] arr6 [element 1, element 2] | test.ps1:26:6:26:11 | arr6 [element 1, element 2] | provenance |  |
| test.ps1:25:1:25:6 | [post] arr6 [element 1, element 3] | test.ps1:26:6:26:11 | arr6 [element 1, element 3] | provenance |  |
| test.ps1:25:1:25:6 | [post] arr6 [element 1, element 4] | test.ps1:26:6:26:11 | arr6 [element 1, element 4] | provenance |  |
| test.ps1:25:1:25:9 | [post] ...[...] [element 0] | test.ps1:25:1:25:6 | [post] arr6 [element 1, element 0] | provenance |  |
| test.ps1:25:1:25:9 | [post] ...[...] [element 1] | test.ps1:25:1:25:6 | [post] arr6 [element 1, element 1] | provenance |  |
| test.ps1:25:1:25:9 | [post] ...[...] [element 2] | test.ps1:25:1:25:6 | [post] arr6 [element 1, element 2] | provenance |  |
| test.ps1:25:1:25:9 | [post] ...[...] [element 3] | test.ps1:25:1:25:6 | [post] arr6 [element 1, element 3] | provenance |  |
| test.ps1:25:1:25:9 | [post] ...[...] [element 4] | test.ps1:25:1:25:6 | [post] arr6 [element 1, element 4] | provenance |  |
| test.ps1:25:23:25:33 | Source | test.ps1:25:1:25:9 | [post] ...[...] [element 0] | provenance |  |
| test.ps1:25:23:25:33 | Source | test.ps1:25:1:25:9 | [post] ...[...] [element 1] | provenance |  |
| test.ps1:25:23:25:33 | Source | test.ps1:25:1:25:9 | [post] ...[...] [element 2] | provenance |  |
| test.ps1:25:23:25:33 | Source | test.ps1:25:1:25:9 | [post] ...[...] [element 3] | provenance |  |
| test.ps1:25:23:25:33 | Source | test.ps1:25:1:25:9 | [post] ...[...] [element 4] | provenance |  |
| test.ps1:26:6:26:11 | arr6 [element 1, element 0] | test.ps1:26:6:26:14 | ...[...] [element 0] | provenance |  |
| test.ps1:26:6:26:11 | arr6 [element 1, element 1] | test.ps1:26:6:26:14 | ...[...] [element 1] | provenance |  |
| test.ps1:26:6:26:11 | arr6 [element 1, element 2] | test.ps1:26:6:26:14 | ...[...] [element 2] | provenance |  |
| test.ps1:26:6:26:11 | arr6 [element 1, element 3] | test.ps1:26:6:26:14 | ...[...] [element 3] | provenance |  |
| test.ps1:26:6:26:11 | arr6 [element 1, element 4] | test.ps1:26:6:26:14 | ...[...] [element 4] | provenance |  |
| test.ps1:26:6:26:14 | ...[...] [element 0] | test.ps1:26:6:26:25 | ...[...] | provenance |  |
| test.ps1:26:6:26:14 | ...[...] [element 1] | test.ps1:26:6:26:25 | ...[...] | provenance |  |
| test.ps1:26:6:26:14 | ...[...] [element 2] | test.ps1:26:6:26:25 | ...[...] | provenance |  |
| test.ps1:26:6:26:14 | ...[...] [element 3] | test.ps1:26:6:26:25 | ...[...] | provenance |  |
| test.ps1:26:6:26:14 | ...[...] [element 4] | test.ps1:26:6:26:25 | ...[...] | provenance |  |
| test.ps1:29:1:29:6 | [post] arr7 [element 0, element 0] | test.ps1:31:6:31:11 | arr7 [element 0, element 0] | provenance |  |
| test.ps1:29:1:29:6 | [post] arr7 [element 0, element 1] | test.ps1:31:6:31:11 | arr7 [element 0, element 1] | provenance |  |
| test.ps1:29:1:29:6 | [post] arr7 [element 0, element 2] | test.ps1:31:6:31:11 | arr7 [element 0, element 2] | provenance |  |
| test.ps1:29:1:29:6 | [post] arr7 [element 0, element 3] | test.ps1:31:6:31:11 | arr7 [element 0, element 3] | provenance |  |
| test.ps1:29:1:29:6 | [post] arr7 [element 0, element 4] | test.ps1:31:6:31:11 | arr7 [element 0, element 4] | provenance |  |
| test.ps1:29:1:29:6 | [post] arr7 [element 1, element 0] | test.ps1:31:6:31:11 | arr7 [element 1, element 0] | provenance |  |
| test.ps1:29:1:29:6 | [post] arr7 [element 1, element 1] | test.ps1:31:6:31:11 | arr7 [element 1, element 1] | provenance |  |
| test.ps1:29:1:29:6 | [post] arr7 [element 1, element 2] | test.ps1:30:6:30:11 | arr7 [element 1, element 2] | provenance |  |
| test.ps1:29:1:29:6 | [post] arr7 [element 1, element 2] | test.ps1:31:6:31:11 | arr7 [element 1, element 2] | provenance |  |
| test.ps1:29:1:29:6 | [post] arr7 [element 1, element 3] | test.ps1:31:6:31:11 | arr7 [element 1, element 3] | provenance |  |
| test.ps1:29:1:29:6 | [post] arr7 [element 1, element 4] | test.ps1:31:6:31:11 | arr7 [element 1, element 4] | provenance |  |
| test.ps1:29:1:29:6 | [post] arr7 [element 2, element 0] | test.ps1:31:6:31:11 | arr7 [element 2, element 0] | provenance |  |
| test.ps1:29:1:29:6 | [post] arr7 [element 2, element 1] | test.ps1:31:6:31:11 | arr7 [element 2, element 1] | provenance |  |
| test.ps1:29:1:29:6 | [post] arr7 [element 2, element 2] | test.ps1:31:6:31:11 | arr7 [element 2, element 2] | provenance |  |
| test.ps1:29:1:29:6 | [post] arr7 [element 2, element 3] | test.ps1:31:6:31:11 | arr7 [element 2, element 3] | provenance |  |
| test.ps1:29:1:29:6 | [post] arr7 [element 2, element 4] | test.ps1:31:6:31:11 | arr7 [element 2, element 4] | provenance |  |
| test.ps1:29:1:29:6 | [post] arr7 [element 3, element 0] | test.ps1:31:6:31:11 | arr7 [element 3, element 0] | provenance |  |
| test.ps1:29:1:29:6 | [post] arr7 [element 3, element 1] | test.ps1:31:6:31:11 | arr7 [element 3, element 1] | provenance |  |
| test.ps1:29:1:29:6 | [post] arr7 [element 3, element 2] | test.ps1:31:6:31:11 | arr7 [element 3, element 2] | provenance |  |
| test.ps1:29:1:29:6 | [post] arr7 [element 3, element 3] | test.ps1:31:6:31:11 | arr7 [element 3, element 3] | provenance |  |
| test.ps1:29:1:29:6 | [post] arr7 [element 3, element 4] | test.ps1:31:6:31:11 | arr7 [element 3, element 4] | provenance |  |
| test.ps1:29:1:29:6 | [post] arr7 [element 4, element 0] | test.ps1:31:6:31:11 | arr7 [element 4, element 0] | provenance |  |
| test.ps1:29:1:29:6 | [post] arr7 [element 4, element 1] | test.ps1:31:6:31:11 | arr7 [element 4, element 1] | provenance |  |
| test.ps1:29:1:29:6 | [post] arr7 [element 4, element 2] | test.ps1:31:6:31:11 | arr7 [element 4, element 2] | provenance |  |
| test.ps1:29:1:29:6 | [post] arr7 [element 4, element 3] | test.ps1:31:6:31:11 | arr7 [element 4, element 3] | provenance |  |
| test.ps1:29:1:29:6 | [post] arr7 [element 4, element 4] | test.ps1:31:6:31:11 | arr7 [element 4, element 4] | provenance |  |
| test.ps1:29:1:29:17 | [post] ...[...] [element 0] | test.ps1:29:1:29:6 | [post] arr7 [element 0, element 0] | provenance |  |
| test.ps1:29:1:29:17 | [post] ...[...] [element 0] | test.ps1:29:1:29:6 | [post] arr7 [element 1, element 0] | provenance |  |
| test.ps1:29:1:29:17 | [post] ...[...] [element 0] | test.ps1:29:1:29:6 | [post] arr7 [element 2, element 0] | provenance |  |
| test.ps1:29:1:29:17 | [post] ...[...] [element 0] | test.ps1:29:1:29:6 | [post] arr7 [element 3, element 0] | provenance |  |
| test.ps1:29:1:29:17 | [post] ...[...] [element 0] | test.ps1:29:1:29:6 | [post] arr7 [element 4, element 0] | provenance |  |
| test.ps1:29:1:29:17 | [post] ...[...] [element 1] | test.ps1:29:1:29:6 | [post] arr7 [element 0, element 1] | provenance |  |
| test.ps1:29:1:29:17 | [post] ...[...] [element 1] | test.ps1:29:1:29:6 | [post] arr7 [element 1, element 1] | provenance |  |
| test.ps1:29:1:29:17 | [post] ...[...] [element 1] | test.ps1:29:1:29:6 | [post] arr7 [element 2, element 1] | provenance |  |
| test.ps1:29:1:29:17 | [post] ...[...] [element 1] | test.ps1:29:1:29:6 | [post] arr7 [element 3, element 1] | provenance |  |
| test.ps1:29:1:29:17 | [post] ...[...] [element 1] | test.ps1:29:1:29:6 | [post] arr7 [element 4, element 1] | provenance |  |
| test.ps1:29:1:29:17 | [post] ...[...] [element 2] | test.ps1:29:1:29:6 | [post] arr7 [element 0, element 2] | provenance |  |
| test.ps1:29:1:29:17 | [post] ...[...] [element 2] | test.ps1:29:1:29:6 | [post] arr7 [element 1, element 2] | provenance |  |
| test.ps1:29:1:29:17 | [post] ...[...] [element 2] | test.ps1:29:1:29:6 | [post] arr7 [element 2, element 2] | provenance |  |
| test.ps1:29:1:29:17 | [post] ...[...] [element 2] | test.ps1:29:1:29:6 | [post] arr7 [element 3, element 2] | provenance |  |
| test.ps1:29:1:29:17 | [post] ...[...] [element 2] | test.ps1:29:1:29:6 | [post] arr7 [element 4, element 2] | provenance |  |
| test.ps1:29:1:29:17 | [post] ...[...] [element 3] | test.ps1:29:1:29:6 | [post] arr7 [element 0, element 3] | provenance |  |
| test.ps1:29:1:29:17 | [post] ...[...] [element 3] | test.ps1:29:1:29:6 | [post] arr7 [element 1, element 3] | provenance |  |
| test.ps1:29:1:29:17 | [post] ...[...] [element 3] | test.ps1:29:1:29:6 | [post] arr7 [element 2, element 3] | provenance |  |
| test.ps1:29:1:29:17 | [post] ...[...] [element 3] | test.ps1:29:1:29:6 | [post] arr7 [element 3, element 3] | provenance |  |
| test.ps1:29:1:29:17 | [post] ...[...] [element 3] | test.ps1:29:1:29:6 | [post] arr7 [element 4, element 3] | provenance |  |
| test.ps1:29:1:29:17 | [post] ...[...] [element 4] | test.ps1:29:1:29:6 | [post] arr7 [element 0, element 4] | provenance |  |
| test.ps1:29:1:29:17 | [post] ...[...] [element 4] | test.ps1:29:1:29:6 | [post] arr7 [element 1, element 4] | provenance |  |
| test.ps1:29:1:29:17 | [post] ...[...] [element 4] | test.ps1:29:1:29:6 | [post] arr7 [element 2, element 4] | provenance |  |
| test.ps1:29:1:29:17 | [post] ...[...] [element 4] | test.ps1:29:1:29:6 | [post] arr7 [element 3, element 4] | provenance |  |
| test.ps1:29:1:29:17 | [post] ...[...] [element 4] | test.ps1:29:1:29:6 | [post] arr7 [element 4, element 4] | provenance |  |
| test.ps1:29:31:29:41 | Source | test.ps1:29:1:29:17 | [post] ...[...] [element 0] | provenance |  |
| test.ps1:29:31:29:41 | Source | test.ps1:29:1:29:17 | [post] ...[...] [element 1] | provenance |  |
| test.ps1:29:31:29:41 | Source | test.ps1:29:1:29:17 | [post] ...[...] [element 2] | provenance |  |
| test.ps1:29:31:29:41 | Source | test.ps1:29:1:29:17 | [post] ...[...] [element 3] | provenance |  |
| test.ps1:29:31:29:41 | Source | test.ps1:29:1:29:17 | [post] ...[...] [element 4] | provenance |  |
| test.ps1:30:6:30:11 | arr7 [element 1, element 2] | test.ps1:30:6:30:14 | ...[...] [element 2] | provenance |  |
| test.ps1:30:6:30:14 | ...[...] [element 2] | test.ps1:30:6:30:17 | ...[...] | provenance |  |
| test.ps1:31:6:31:11 | arr7 [element 0, element 0] | test.ps1:31:6:31:22 | ...[...] [element 0] | provenance |  |
| test.ps1:31:6:31:11 | arr7 [element 0, element 1] | test.ps1:31:6:31:22 | ...[...] [element 1] | provenance |  |
| test.ps1:31:6:31:11 | arr7 [element 0, element 2] | test.ps1:31:6:31:22 | ...[...] [element 2] | provenance |  |
| test.ps1:31:6:31:11 | arr7 [element 0, element 3] | test.ps1:31:6:31:22 | ...[...] [element 3] | provenance |  |
| test.ps1:31:6:31:11 | arr7 [element 0, element 4] | test.ps1:31:6:31:22 | ...[...] [element 4] | provenance |  |
| test.ps1:31:6:31:11 | arr7 [element 1, element 0] | test.ps1:31:6:31:22 | ...[...] [element 0] | provenance |  |
| test.ps1:31:6:31:11 | arr7 [element 1, element 1] | test.ps1:31:6:31:22 | ...[...] [element 1] | provenance |  |
| test.ps1:31:6:31:11 | arr7 [element 1, element 2] | test.ps1:31:6:31:22 | ...[...] [element 2] | provenance |  |
| test.ps1:31:6:31:11 | arr7 [element 1, element 3] | test.ps1:31:6:31:22 | ...[...] [element 3] | provenance |  |
| test.ps1:31:6:31:11 | arr7 [element 1, element 4] | test.ps1:31:6:31:22 | ...[...] [element 4] | provenance |  |
| test.ps1:31:6:31:11 | arr7 [element 2, element 0] | test.ps1:31:6:31:22 | ...[...] [element 0] | provenance |  |
| test.ps1:31:6:31:11 | arr7 [element 2, element 1] | test.ps1:31:6:31:22 | ...[...] [element 1] | provenance |  |
| test.ps1:31:6:31:11 | arr7 [element 2, element 2] | test.ps1:31:6:31:22 | ...[...] [element 2] | provenance |  |
| test.ps1:31:6:31:11 | arr7 [element 2, element 3] | test.ps1:31:6:31:22 | ...[...] [element 3] | provenance |  |
| test.ps1:31:6:31:11 | arr7 [element 2, element 4] | test.ps1:31:6:31:22 | ...[...] [element 4] | provenance |  |
| test.ps1:31:6:31:11 | arr7 [element 3, element 0] | test.ps1:31:6:31:22 | ...[...] [element 0] | provenance |  |
| test.ps1:31:6:31:11 | arr7 [element 3, element 1] | test.ps1:31:6:31:22 | ...[...] [element 1] | provenance |  |
| test.ps1:31:6:31:11 | arr7 [element 3, element 2] | test.ps1:31:6:31:22 | ...[...] [element 2] | provenance |  |
| test.ps1:31:6:31:11 | arr7 [element 3, element 3] | test.ps1:31:6:31:22 | ...[...] [element 3] | provenance |  |
| test.ps1:31:6:31:11 | arr7 [element 3, element 4] | test.ps1:31:6:31:22 | ...[...] [element 4] | provenance |  |
| test.ps1:31:6:31:11 | arr7 [element 4, element 0] | test.ps1:31:6:31:22 | ...[...] [element 0] | provenance |  |
| test.ps1:31:6:31:11 | arr7 [element 4, element 1] | test.ps1:31:6:31:22 | ...[...] [element 1] | provenance |  |
| test.ps1:31:6:31:11 | arr7 [element 4, element 2] | test.ps1:31:6:31:22 | ...[...] [element 2] | provenance |  |
| test.ps1:31:6:31:11 | arr7 [element 4, element 3] | test.ps1:31:6:31:22 | ...[...] [element 3] | provenance |  |
| test.ps1:31:6:31:11 | arr7 [element 4, element 4] | test.ps1:31:6:31:22 | ...[...] [element 4] | provenance |  |
| test.ps1:31:6:31:22 | ...[...] [element 0] | test.ps1:31:6:31:33 | ...[...] | provenance |  |
| test.ps1:31:6:31:22 | ...[...] [element 1] | test.ps1:31:6:31:33 | ...[...] | provenance |  |
| test.ps1:31:6:31:22 | ...[...] [element 2] | test.ps1:31:6:31:33 | ...[...] | provenance |  |
| test.ps1:31:6:31:22 | ...[...] [element 3] | test.ps1:31:6:31:33 | ...[...] | provenance |  |
| test.ps1:31:6:31:22 | ...[...] [element 4] | test.ps1:31:6:31:33 | ...[...] | provenance |  |
| test.ps1:33:6:33:17 | Source | test.ps1:35:15:35:17 | x | provenance |  |
| test.ps1:35:9:35:17 | ...,... [element 2] | test.ps1:38:6:38:11 | arr8 [element 2] | provenance |  |
| test.ps1:35:9:35:17 | ...,... [element 2] | test.ps1:39:6:39:11 | arr8 [element 2] | provenance |  |
| test.ps1:35:15:35:17 | x | test.ps1:35:9:35:17 | ...,... [element 2] | provenance |  |
| test.ps1:38:6:38:11 | arr8 [element 2] | test.ps1:38:6:38:14 | ...[...] | provenance |  |
| test.ps1:39:6:39:11 | arr8 [element 2] | test.ps1:39:6:39:21 | ...[...] | provenance |  |
nodes
| test.ps1:1:1:1:3 | [post] a [f] | semmle.label | [post] a [f] |
| test.ps1:1:8:1:18 | Source | semmle.label | Source |
| test.ps1:2:6:2:8 | a [f] | semmle.label | a [f] |
| test.ps1:2:6:2:10 | f | semmle.label | f |
| test.ps1:8:1:8:6 | [post] arr1 [element 3] | semmle.label | [post] arr1 [element 3] |
| test.ps1:8:12:8:22 | Source | semmle.label | Source |
| test.ps1:9:6:9:11 | arr1 [element 3] | semmle.label | arr1 [element 3] |
| test.ps1:9:6:9:14 | ...[...] | semmle.label | ...[...] |
| test.ps1:12:1:12:6 | [post] arr2 [element 4] | semmle.label | [post] arr2 [element 4] |
| test.ps1:12:19:12:29 | Source | semmle.label | Source |
| test.ps1:13:6:13:11 | arr2 [element 4] | semmle.label | arr2 [element 4] |
| test.ps1:13:6:13:14 | ...[...] | semmle.label | ...[...] |
| test.ps1:15:1:15:6 | [post] arr3 [element 3] | semmle.label | [post] arr3 [element 3] |
| test.ps1:15:12:15:22 | Source | semmle.label | Source |
| test.ps1:16:6:16:11 | arr3 [element 3] | semmle.label | arr3 [element 3] |
| test.ps1:16:6:16:21 | ...[...] | semmle.label | ...[...] |
| test.ps1:18:1:18:6 | [post] arr4 [element 0] | semmle.label | [post] arr4 [element 0] |
| test.ps1:18:1:18:6 | [post] arr4 [element 1] | semmle.label | [post] arr4 [element 1] |
| test.ps1:18:1:18:6 | [post] arr4 [element 2] | semmle.label | [post] arr4 [element 2] |
| test.ps1:18:1:18:6 | [post] arr4 [element 3] | semmle.label | [post] arr4 [element 3] |
| test.ps1:18:1:18:6 | [post] arr4 [element 4] | semmle.label | [post] arr4 [element 4] |
| test.ps1:18:20:18:30 | Source | semmle.label | Source |
| test.ps1:19:6:19:11 | arr4 [element 0] | semmle.label | arr4 [element 0] |
| test.ps1:19:6:19:11 | arr4 [element 1] | semmle.label | arr4 [element 1] |
| test.ps1:19:6:19:11 | arr4 [element 2] | semmle.label | arr4 [element 2] |
| test.ps1:19:6:19:11 | arr4 [element 3] | semmle.label | arr4 [element 3] |
| test.ps1:19:6:19:11 | arr4 [element 4] | semmle.label | arr4 [element 4] |
| test.ps1:19:6:19:22 | ...[...] | semmle.label | ...[...] |
| test.ps1:21:1:21:6 | [post] arr5 [element 0, element 1] | semmle.label | [post] arr5 [element 0, element 1] |
| test.ps1:21:1:21:6 | [post] arr5 [element 1, element 1] | semmle.label | [post] arr5 [element 1, element 1] |
| test.ps1:21:1:21:6 | [post] arr5 [element 2, element 1] | semmle.label | [post] arr5 [element 2, element 1] |
| test.ps1:21:1:21:6 | [post] arr5 [element 3, element 1] | semmle.label | [post] arr5 [element 3, element 1] |
| test.ps1:21:1:21:6 | [post] arr5 [element 4, element 1] | semmle.label | [post] arr5 [element 4, element 1] |
| test.ps1:21:1:21:17 | [post] ...[...] [element 1] | semmle.label | [post] ...[...] [element 1] |
| test.ps1:21:23:21:33 | Source | semmle.label | Source |
| test.ps1:22:6:22:11 | arr5 [element 0, element 1] | semmle.label | arr5 [element 0, element 1] |
| test.ps1:22:6:22:11 | arr5 [element 1, element 1] | semmle.label | arr5 [element 1, element 1] |
| test.ps1:22:6:22:11 | arr5 [element 2, element 1] | semmle.label | arr5 [element 2, element 1] |
| test.ps1:22:6:22:11 | arr5 [element 3, element 1] | semmle.label | arr5 [element 3, element 1] |
| test.ps1:22:6:22:11 | arr5 [element 4, element 1] | semmle.label | arr5 [element 4, element 1] |
| test.ps1:22:6:22:22 | ...[...] [element 1] | semmle.label | ...[...] [element 1] |
| test.ps1:22:6:22:25 | ...[...] | semmle.label | ...[...] |
| test.ps1:25:1:25:6 | [post] arr6 [element 1, element 0] | semmle.label | [post] arr6 [element 1, element 0] |
| test.ps1:25:1:25:6 | [post] arr6 [element 1, element 1] | semmle.label | [post] arr6 [element 1, element 1] |
| test.ps1:25:1:25:6 | [post] arr6 [element 1, element 2] | semmle.label | [post] arr6 [element 1, element 2] |
| test.ps1:25:1:25:6 | [post] arr6 [element 1, element 3] | semmle.label | [post] arr6 [element 1, element 3] |
| test.ps1:25:1:25:6 | [post] arr6 [element 1, element 4] | semmle.label | [post] arr6 [element 1, element 4] |
| test.ps1:25:1:25:9 | [post] ...[...] [element 0] | semmle.label | [post] ...[...] [element 0] |
| test.ps1:25:1:25:9 | [post] ...[...] [element 1] | semmle.label | [post] ...[...] [element 1] |
| test.ps1:25:1:25:9 | [post] ...[...] [element 2] | semmle.label | [post] ...[...] [element 2] |
| test.ps1:25:1:25:9 | [post] ...[...] [element 3] | semmle.label | [post] ...[...] [element 3] |
| test.ps1:25:1:25:9 | [post] ...[...] [element 4] | semmle.label | [post] ...[...] [element 4] |
| test.ps1:25:23:25:33 | Source | semmle.label | Source |
| test.ps1:26:6:26:11 | arr6 [element 1, element 0] | semmle.label | arr6 [element 1, element 0] |
| test.ps1:26:6:26:11 | arr6 [element 1, element 1] | semmle.label | arr6 [element 1, element 1] |
| test.ps1:26:6:26:11 | arr6 [element 1, element 2] | semmle.label | arr6 [element 1, element 2] |
| test.ps1:26:6:26:11 | arr6 [element 1, element 3] | semmle.label | arr6 [element 1, element 3] |
| test.ps1:26:6:26:11 | arr6 [element 1, element 4] | semmle.label | arr6 [element 1, element 4] |
| test.ps1:26:6:26:14 | ...[...] [element 0] | semmle.label | ...[...] [element 0] |
| test.ps1:26:6:26:14 | ...[...] [element 1] | semmle.label | ...[...] [element 1] |
| test.ps1:26:6:26:14 | ...[...] [element 2] | semmle.label | ...[...] [element 2] |
| test.ps1:26:6:26:14 | ...[...] [element 3] | semmle.label | ...[...] [element 3] |
| test.ps1:26:6:26:14 | ...[...] [element 4] | semmle.label | ...[...] [element 4] |
| test.ps1:26:6:26:25 | ...[...] | semmle.label | ...[...] |
| test.ps1:29:1:29:6 | [post] arr7 [element 0, element 0] | semmle.label | [post] arr7 [element 0, element 0] |
| test.ps1:29:1:29:6 | [post] arr7 [element 0, element 1] | semmle.label | [post] arr7 [element 0, element 1] |
| test.ps1:29:1:29:6 | [post] arr7 [element 0, element 2] | semmle.label | [post] arr7 [element 0, element 2] |
| test.ps1:29:1:29:6 | [post] arr7 [element 0, element 3] | semmle.label | [post] arr7 [element 0, element 3] |
| test.ps1:29:1:29:6 | [post] arr7 [element 0, element 4] | semmle.label | [post] arr7 [element 0, element 4] |
| test.ps1:29:1:29:6 | [post] arr7 [element 1, element 0] | semmle.label | [post] arr7 [element 1, element 0] |
| test.ps1:29:1:29:6 | [post] arr7 [element 1, element 1] | semmle.label | [post] arr7 [element 1, element 1] |
| test.ps1:29:1:29:6 | [post] arr7 [element 1, element 2] | semmle.label | [post] arr7 [element 1, element 2] |
| test.ps1:29:1:29:6 | [post] arr7 [element 1, element 3] | semmle.label | [post] arr7 [element 1, element 3] |
| test.ps1:29:1:29:6 | [post] arr7 [element 1, element 4] | semmle.label | [post] arr7 [element 1, element 4] |
| test.ps1:29:1:29:6 | [post] arr7 [element 2, element 0] | semmle.label | [post] arr7 [element 2, element 0] |
| test.ps1:29:1:29:6 | [post] arr7 [element 2, element 1] | semmle.label | [post] arr7 [element 2, element 1] |
| test.ps1:29:1:29:6 | [post] arr7 [element 2, element 2] | semmle.label | [post] arr7 [element 2, element 2] |
| test.ps1:29:1:29:6 | [post] arr7 [element 2, element 3] | semmle.label | [post] arr7 [element 2, element 3] |
| test.ps1:29:1:29:6 | [post] arr7 [element 2, element 4] | semmle.label | [post] arr7 [element 2, element 4] |
| test.ps1:29:1:29:6 | [post] arr7 [element 3, element 0] | semmle.label | [post] arr7 [element 3, element 0] |
| test.ps1:29:1:29:6 | [post] arr7 [element 3, element 1] | semmle.label | [post] arr7 [element 3, element 1] |
| test.ps1:29:1:29:6 | [post] arr7 [element 3, element 2] | semmle.label | [post] arr7 [element 3, element 2] |
| test.ps1:29:1:29:6 | [post] arr7 [element 3, element 3] | semmle.label | [post] arr7 [element 3, element 3] |
| test.ps1:29:1:29:6 | [post] arr7 [element 3, element 4] | semmle.label | [post] arr7 [element 3, element 4] |
| test.ps1:29:1:29:6 | [post] arr7 [element 4, element 0] | semmle.label | [post] arr7 [element 4, element 0] |
| test.ps1:29:1:29:6 | [post] arr7 [element 4, element 1] | semmle.label | [post] arr7 [element 4, element 1] |
| test.ps1:29:1:29:6 | [post] arr7 [element 4, element 2] | semmle.label | [post] arr7 [element 4, element 2] |
| test.ps1:29:1:29:6 | [post] arr7 [element 4, element 3] | semmle.label | [post] arr7 [element 4, element 3] |
| test.ps1:29:1:29:6 | [post] arr7 [element 4, element 4] | semmle.label | [post] arr7 [element 4, element 4] |
| test.ps1:29:1:29:17 | [post] ...[...] [element 0] | semmle.label | [post] ...[...] [element 0] |
| test.ps1:29:1:29:17 | [post] ...[...] [element 1] | semmle.label | [post] ...[...] [element 1] |
| test.ps1:29:1:29:17 | [post] ...[...] [element 2] | semmle.label | [post] ...[...] [element 2] |
| test.ps1:29:1:29:17 | [post] ...[...] [element 3] | semmle.label | [post] ...[...] [element 3] |
| test.ps1:29:1:29:17 | [post] ...[...] [element 4] | semmle.label | [post] ...[...] [element 4] |
| test.ps1:29:31:29:41 | Source | semmle.label | Source |
| test.ps1:30:6:30:11 | arr7 [element 1, element 2] | semmle.label | arr7 [element 1, element 2] |
| test.ps1:30:6:30:14 | ...[...] [element 2] | semmle.label | ...[...] [element 2] |
| test.ps1:30:6:30:17 | ...[...] | semmle.label | ...[...] |
| test.ps1:31:6:31:11 | arr7 [element 0, element 0] | semmle.label | arr7 [element 0, element 0] |
| test.ps1:31:6:31:11 | arr7 [element 0, element 1] | semmle.label | arr7 [element 0, element 1] |
| test.ps1:31:6:31:11 | arr7 [element 0, element 2] | semmle.label | arr7 [element 0, element 2] |
| test.ps1:31:6:31:11 | arr7 [element 0, element 3] | semmle.label | arr7 [element 0, element 3] |
| test.ps1:31:6:31:11 | arr7 [element 0, element 4] | semmle.label | arr7 [element 0, element 4] |
| test.ps1:31:6:31:11 | arr7 [element 1, element 0] | semmle.label | arr7 [element 1, element 0] |
| test.ps1:31:6:31:11 | arr7 [element 1, element 1] | semmle.label | arr7 [element 1, element 1] |
| test.ps1:31:6:31:11 | arr7 [element 1, element 2] | semmle.label | arr7 [element 1, element 2] |
| test.ps1:31:6:31:11 | arr7 [element 1, element 3] | semmle.label | arr7 [element 1, element 3] |
| test.ps1:31:6:31:11 | arr7 [element 1, element 4] | semmle.label | arr7 [element 1, element 4] |
| test.ps1:31:6:31:11 | arr7 [element 2, element 0] | semmle.label | arr7 [element 2, element 0] |
| test.ps1:31:6:31:11 | arr7 [element 2, element 1] | semmle.label | arr7 [element 2, element 1] |
| test.ps1:31:6:31:11 | arr7 [element 2, element 2] | semmle.label | arr7 [element 2, element 2] |
| test.ps1:31:6:31:11 | arr7 [element 2, element 3] | semmle.label | arr7 [element 2, element 3] |
| test.ps1:31:6:31:11 | arr7 [element 2, element 4] | semmle.label | arr7 [element 2, element 4] |
| test.ps1:31:6:31:11 | arr7 [element 3, element 0] | semmle.label | arr7 [element 3, element 0] |
| test.ps1:31:6:31:11 | arr7 [element 3, element 1] | semmle.label | arr7 [element 3, element 1] |
| test.ps1:31:6:31:11 | arr7 [element 3, element 2] | semmle.label | arr7 [element 3, element 2] |
| test.ps1:31:6:31:11 | arr7 [element 3, element 3] | semmle.label | arr7 [element 3, element 3] |
| test.ps1:31:6:31:11 | arr7 [element 3, element 4] | semmle.label | arr7 [element 3, element 4] |
| test.ps1:31:6:31:11 | arr7 [element 4, element 0] | semmle.label | arr7 [element 4, element 0] |
| test.ps1:31:6:31:11 | arr7 [element 4, element 1] | semmle.label | arr7 [element 4, element 1] |
| test.ps1:31:6:31:11 | arr7 [element 4, element 2] | semmle.label | arr7 [element 4, element 2] |
| test.ps1:31:6:31:11 | arr7 [element 4, element 3] | semmle.label | arr7 [element 4, element 3] |
| test.ps1:31:6:31:11 | arr7 [element 4, element 4] | semmle.label | arr7 [element 4, element 4] |
| test.ps1:31:6:31:22 | ...[...] [element 0] | semmle.label | ...[...] [element 0] |
| test.ps1:31:6:31:22 | ...[...] [element 1] | semmle.label | ...[...] [element 1] |
| test.ps1:31:6:31:22 | ...[...] [element 2] | semmle.label | ...[...] [element 2] |
| test.ps1:31:6:31:22 | ...[...] [element 3] | semmle.label | ...[...] [element 3] |
| test.ps1:31:6:31:22 | ...[...] [element 4] | semmle.label | ...[...] [element 4] |
| test.ps1:31:6:31:33 | ...[...] | semmle.label | ...[...] |
| test.ps1:33:6:33:17 | Source | semmle.label | Source |
| test.ps1:35:9:35:17 | ...,... [element 2] | semmle.label | ...,... [element 2] |
| test.ps1:35:15:35:17 | x | semmle.label | x |
| test.ps1:38:6:38:11 | arr8 [element 2] | semmle.label | arr8 [element 2] |
| test.ps1:38:6:38:14 | ...[...] | semmle.label | ...[...] |
| test.ps1:39:6:39:11 | arr8 [element 2] | semmle.label | arr8 [element 2] |
| test.ps1:39:6:39:21 | ...[...] | semmle.label | ...[...] |
subpaths
testFailures
#select
| test.ps1:2:6:2:10 | f | test.ps1:1:8:1:18 | Source | test.ps1:2:6:2:10 | f | $@ | test.ps1:1:8:1:18 | Source | Source |
| test.ps1:9:6:9:14 | ...[...] | test.ps1:8:12:8:22 | Source | test.ps1:9:6:9:14 | ...[...] | $@ | test.ps1:8:12:8:22 | Source | Source |
| test.ps1:13:6:13:14 | ...[...] | test.ps1:12:19:12:29 | Source | test.ps1:13:6:13:14 | ...[...] | $@ | test.ps1:12:19:12:29 | Source | Source |
| test.ps1:16:6:16:21 | ...[...] | test.ps1:15:12:15:22 | Source | test.ps1:16:6:16:21 | ...[...] | $@ | test.ps1:15:12:15:22 | Source | Source |
| test.ps1:19:6:19:22 | ...[...] | test.ps1:18:20:18:30 | Source | test.ps1:19:6:19:22 | ...[...] | $@ | test.ps1:18:20:18:30 | Source | Source |
| test.ps1:22:6:22:25 | ...[...] | test.ps1:21:23:21:33 | Source | test.ps1:22:6:22:25 | ...[...] | $@ | test.ps1:21:23:21:33 | Source | Source |
| test.ps1:26:6:26:25 | ...[...] | test.ps1:25:23:25:33 | Source | test.ps1:26:6:26:25 | ...[...] | $@ | test.ps1:25:23:25:33 | Source | Source |
| test.ps1:30:6:30:17 | ...[...] | test.ps1:29:31:29:41 | Source | test.ps1:30:6:30:17 | ...[...] | $@ | test.ps1:29:31:29:41 | Source | Source |
| test.ps1:31:6:31:33 | ...[...] | test.ps1:29:31:29:41 | Source | test.ps1:31:6:31:33 | ...[...] | $@ | test.ps1:29:31:29:41 | Source | Source |
| test.ps1:38:6:38:14 | ...[...] | test.ps1:33:6:33:17 | Source | test.ps1:38:6:38:14 | ...[...] | $@ | test.ps1:33:6:33:17 | Source | Source |
| test.ps1:39:6:39:21 | ...[...] | test.ps1:33:6:33:17 | Source | test.ps1:39:6:39:21 | ...[...] | $@ | test.ps1:33:6:33:17 | Source | Source |
