| LeapYearConditionalLogic.cpp:171:5:177:5 | if (...) ...  | Leap Year conditional statement may have untested code paths |
