| test.cpp:617:2:617:11 | ... ++ | $@: Field $@ on variable $@ has been modified, but no appropriate check for LeapYear was found. | test.cpp:611:6:611:32 | AntiPattern_1_year_addition | AntiPattern_1_year_addition | test.cpp:12:7:12:11 | wYear | wYear | test.cpp:613:13:613:14 | st | st |
| test.cpp:634:2:634:25 | ... += ... | $@: Field $@ on variable $@ has been modified, but no appropriate check for LeapYear was found. | test.cpp:627:6:627:32 | AntiPattern_simple_addition | AntiPattern_simple_addition | test.cpp:12:7:12:11 | wYear | wYear | test.cpp:629:13:629:14 | st | st |
| test.cpp:763:2:763:19 | ... ++ | $@: Field $@ on variable $@ has been modified, but no appropriate check for LeapYear was found. | test.cpp:756:6:756:40 | AntiPattern_year_addition_struct_tm | AntiPattern_year_addition_struct_tm | test.cpp:56:6:56:12 | tm_year | tm_year | test.cpp:759:12:759:19 | timeinfo | timeinfo |
| test.cpp:800:2:800:40 | ... = ... | $@: Field $@ on variable $@ has been modified, but no appropriate check for LeapYear was found. | test.cpp:791:6:791:23 | FalseNegativeTests | FalseNegativeTests | test.cpp:56:6:56:12 | tm_year | tm_year | test.cpp:793:12:793:19 | timeinfo | timeinfo |
| test.cpp:803:2:803:43 | ... = ... | $@: Field $@ on variable $@ has been modified, but no appropriate check for LeapYear was found. | test.cpp:791:6:791:23 | FalseNegativeTests | FalseNegativeTests | test.cpp:56:6:56:12 | tm_year | tm_year | test.cpp:793:12:793:19 | timeinfo | timeinfo |
| test.cpp:808:2:808:24 | ... = ... | $@: Field $@ on variable $@ has been modified, but no appropriate check for LeapYear was found. | test.cpp:791:6:791:23 | FalseNegativeTests | FalseNegativeTests | test.cpp:12:7:12:11 | wYear | wYear | test.cpp:794:13:794:14 | st | st |
| test.cpp:811:2:811:33 | ... = ... | $@: Field $@ on variable $@ has been modified, but no appropriate check for LeapYear was found. | test.cpp:791:6:791:23 | FalseNegativeTests | FalseNegativeTests | test.cpp:12:7:12:11 | wYear | wYear | test.cpp:794:13:794:14 | st | st |
| test.cpp:850:3:850:36 | ... = ... | $@: Field $@ on variable $@ has been modified, but no appropriate check for LeapYear was found. | test.cpp:818:6:818:23 | tp_intermediaryVar | tp_intermediaryVar | test.cpp:56:6:56:12 | tm_year | tm_year | test.cpp:70:18:70:19 | tm | tm |
