| test.cpp:395:2:395:21 | call to SystemTimeToFileTime | $@: Return value of $@ function should be verified to check for any error because variable $@ is not guaranteed to be safe. | test.cpp:385:6:385:48 | AntiPattern_unchecked_filetime_conversion2a | AntiPattern_unchecked_filetime_conversion2a | test.cpp:75:1:75:20 | SystemTimeToFileTime | SystemTimeToFileTime | test.cpp:387:13:387:14 | st | st |
| test.cpp:413:2:413:21 | call to SystemTimeToFileTime | $@: Return value of $@ function should be verified to check for any error because variable $@ is not guaranteed to be safe. | test.cpp:403:6:403:48 | AntiPattern_unchecked_filetime_conversion2b | AntiPattern_unchecked_filetime_conversion2b | test.cpp:75:1:75:20 | SystemTimeToFileTime | SystemTimeToFileTime | test.cpp:405:13:405:14 | st | st |
| test.cpp:429:2:429:21 | call to SystemTimeToFileTime | $@: Return value of $@ function should be verified to check for any error because variable $@ is not guaranteed to be safe. | test.cpp:421:6:421:48 | AntiPattern_unchecked_filetime_conversion2b | AntiPattern_unchecked_filetime_conversion2b | test.cpp:75:1:75:20 | SystemTimeToFileTime | SystemTimeToFileTime | test.cpp:421:62:421:63 | st | st |
| test.cpp:948:3:948:22 | call to SystemTimeToFileTime | $@: Return value of $@ function should be verified to check for any error because variable $@ is not guaranteed to be safe. | test.cpp:938:7:938:15 | modified3 | modified3 | test.cpp:75:1:75:20 | SystemTimeToFileTime | SystemTimeToFileTime | test.cpp:940:14:940:15 | st | st |
| test.cpp:965:3:965:22 | call to SystemTimeToFileTime | $@: Return value of $@ function should be verified to check for any error because variable $@ is not guaranteed to be safe. | test.cpp:955:7:955:15 | modified4 | modified4 | test.cpp:75:1:75:20 | SystemTimeToFileTime | SystemTimeToFileTime | test.cpp:957:14:957:15 | st | st |
