global.ps1:
#    1| {...}
#-----|  -> c

#    1| enter global.ps1
#-----|  -> global.ps1

#    1| exit global.ps1

#    1| exit global.ps1 (normal)
#-----|  -> exit global.ps1

#    1| global.ps1
#-----|  -> a

#    2| a
#-----|  -> 1

#    2| ...=...
#-----|  -> b

#    2| 1
#-----|  -> ...=...

#    2| 1
#-----|  -> 1

#    3| b
#-----|  -> 2

#    3| ...=...
#-----|  -> {...}

#    3| 2
#-----|  -> ...=...

#    3| 2
#-----|  -> 2

#    5| {...}
#-----|  -> exit global.ps1 (normal)

#    6| c
#-----|  -> ...+...

#    6| ...=...
#-----|  -> {...}

#    6| a
#-----|  -> b

#    6| ...+...
#-----|  -> ...=...

#    6| ...+...
#-----|  -> a

#    6| b
#-----|  -> ...+...
