| E | Ordered |
| E | comparable |
| E | interface { } |
| E | interface { ~uint16 \| ~uint32 } |
| E1 | interface { } |
| E2 | interface { } |
| Edge | EdgeConstraint |
| Edge | interface { } |
| F | floaty |
| K | comparable |
| K | interface { } |
| N | interface { int64 \| uint64 } |
| Node | NodeConstraint |
| Node | interface { } |
| S | interface { } |
| S | interface { ~[]E } |
| S1 | interface { ~[]E1 } |
| S2 | interface { ~[]E2 } |
| SF2 | interface { } |
| SG2 | interface { } |
| Slice | interface { ~[]E } |
| T | Ordered |
| T | comparable |
| T | interface { string \| []uint8 } |
| T | interface { } |
| T1 | interface { } |
| T2 | interface { } |
| TF1 | interface { } |
| TF2 | interface { } |
| TG1 | interface { } |
| TG2 | interface { } |
| U | interface { } |
| V | interface { int64 \| float64 } |
| V | interface { } |
| bytes | interface { []uint8 \| string } |
