| test.ps1:1:1:18:0 | [synth] pipeline | Unexpected result: type="command line argument" |
