| test.cpp:20:6:20:10 | items | $@: There is an array allocation with a hard-coded set of 365 elements, which may indicate the number of days in a year without considering leap year scenarios. | test.cpp:20:6:20:10 | items | items |
| test.cpp:31:15:31:26 | new[] | $@: There is an array allocation with a hard-coded set of 365 elements, which may indicate the number of days in a year without considering leap year scenarios. | test.cpp:28:6:28:21 | ArrayOfDays_Bug2 | ArrayOfDays_Bug2 |
| test.cpp:68:20:68:23 | call to vector | $@: There is a std::vector allocation with a hard-coded set of 365 elements, which may indicate the number of days in a year without considering leap year scenarios. | test.cpp:65:6:65:21 | VectorOfDays_Bug | VectorOfDays_Bug |
| test.cpp:115:7:115:15 | items_bad | $@: There is an array allocation with a hard-coded set of 365 elements, which may indicate the number of days in a year without considering leap year scenarios. | test.cpp:115:7:115:15 | items_bad | items_bad |
