| test.ps1:2:1:2:26 | Call to Invoke-Expression | Do not use Invoke-Expression. It is a command injection risk. |
