| test.ps1:6:9:7:17 | Username | Do not use username or password parameters. |
| test.ps1:8:9:9:17 | Password | Do not use username or password parameters. |
