| ParamBlock.ps1:2:1:5:2 | param(...) | 0 | ParamBlock.ps1:3:5:4:23 | Parameter |
