| FileRedirection.ps1:3:3:3:7 | MergingRedirection |
| FileRedirection.ps1:3:8:3:20 | FileRedirection |
