edges
| test.cpp:39:27:39:30 | **argv | test.cpp:40:16:40:19 | call to atoi | provenance | TaintFunction |
| test.cpp:40:16:40:19 | call to atoi | test.cpp:43:38:43:44 | tainted | provenance |  |
| test.cpp:40:16:40:19 | call to atoi | test.cpp:44:38:44:63 | ... * ... | provenance |  |
| test.cpp:40:16:40:19 | call to atoi | test.cpp:46:38:46:63 | ... + ... | provenance |  |
| test.cpp:40:16:40:19 | call to atoi | test.cpp:48:13:48:23 | ... * ... | provenance |  |
| test.cpp:40:16:40:19 | call to atoi | test.cpp:53:35:53:60 | ... * ... | provenance |  |
| test.cpp:48:13:48:23 | ... * ... | test.cpp:49:32:49:35 | size | provenance |  |
| test.cpp:48:13:48:23 | ... * ... | test.cpp:50:17:50:30 | size | provenance |  |
| test.cpp:124:13:124:16 | call to atoi | test.cpp:128:24:128:41 | ... * ... | provenance |  |
| test.cpp:124:18:124:31 | *call to getenv | test.cpp:124:13:124:16 | call to atoi | provenance | TaintFunction |
| test.cpp:133:14:133:17 | call to atoi | test.cpp:135:10:135:27 | ... * ... | provenance |  |
| test.cpp:133:19:133:32 | *call to getenv | test.cpp:133:14:133:17 | call to atoi | provenance | TaintFunction |
| test.cpp:148:15:148:18 | call to atol | test.cpp:152:11:152:28 | ... * ... | provenance |  |
| test.cpp:148:20:148:33 | *call to getenv | test.cpp:148:15:148:18 | call to atol | provenance | TaintFunction |
| test.cpp:224:8:224:23 | *get_tainted_size | test.cpp:256:9:256:24 | call to get_tainted_size | provenance |  |
| test.cpp:226:9:226:42 | ... * ... | test.cpp:224:8:224:23 | *get_tainted_size | provenance |  |
| test.cpp:226:14:226:27 | *call to getenv | test.cpp:226:9:226:42 | ... * ... | provenance | TaintFunction |
| test.cpp:245:21:245:21 | s | test.cpp:246:21:246:21 | s | provenance |  |
| test.cpp:252:19:252:52 | ... * ... | test.cpp:254:9:254:18 | local_size | provenance |  |
| test.cpp:252:19:252:52 | ... * ... | test.cpp:260:11:260:20 | local_size | provenance |  |
| test.cpp:252:19:252:52 | ... * ... | test.cpp:262:10:262:19 | local_size | provenance |  |
| test.cpp:252:24:252:37 | *call to getenv | test.cpp:252:19:252:52 | ... * ... | provenance | TaintFunction |
| test.cpp:262:10:262:19 | local_size | test.cpp:245:21:245:21 | s | provenance |  |
| test.cpp:265:20:265:27 | *out_size | test.cpp:304:17:304:20 | get_size output argument | provenance |  |
| test.cpp:265:20:265:27 | *out_size | test.cpp:320:18:320:21 | get_size output argument | provenance |  |
| test.cpp:266:2:266:32 | ... = ... | test.cpp:265:20:265:27 | *out_size | provenance |  |
| test.cpp:266:18:266:31 | *call to getenv | test.cpp:266:2:266:32 | ... = ... | provenance | TaintFunction |
| test.cpp:274:15:274:18 | call to atoi | test.cpp:278:11:278:29 | ... * ... | provenance |  |
| test.cpp:274:20:274:33 | *call to getenv | test.cpp:274:15:274:18 | call to atoi | provenance | TaintFunction |
| test.cpp:304:17:304:20 | get_size output argument | test.cpp:306:11:306:28 | ... * ... | provenance |  |
| test.cpp:320:18:320:21 | get_size output argument | test.cpp:323:10:323:27 | ... * ... | provenance |  |
| test.cpp:368:13:368:16 | call to atoi | test.cpp:370:35:370:38 | size | provenance |  |
| test.cpp:368:13:368:16 | call to atoi | test.cpp:371:35:371:38 | size | provenance |  |
| test.cpp:368:18:368:31 | *call to getenv | test.cpp:368:13:368:16 | call to atoi | provenance | TaintFunction |
nodes
| test.cpp:39:27:39:30 | **argv | semmle.label | **argv |
| test.cpp:40:16:40:19 | call to atoi | semmle.label | call to atoi |
| test.cpp:43:38:43:44 | tainted | semmle.label | tainted |
| test.cpp:44:38:44:63 | ... * ... | semmle.label | ... * ... |
| test.cpp:46:38:46:63 | ... + ... | semmle.label | ... + ... |
| test.cpp:48:13:48:23 | ... * ... | semmle.label | ... * ... |
| test.cpp:49:32:49:35 | size | semmle.label | size |
| test.cpp:50:17:50:30 | size | semmle.label | size |
| test.cpp:53:35:53:60 | ... * ... | semmle.label | ... * ... |
| test.cpp:124:13:124:16 | call to atoi | semmle.label | call to atoi |
| test.cpp:124:18:124:31 | *call to getenv | semmle.label | *call to getenv |
| test.cpp:128:24:128:41 | ... * ... | semmle.label | ... * ... |
| test.cpp:133:14:133:17 | call to atoi | semmle.label | call to atoi |
| test.cpp:133:19:133:32 | *call to getenv | semmle.label | *call to getenv |
| test.cpp:135:10:135:27 | ... * ... | semmle.label | ... * ... |
| test.cpp:148:15:148:18 | call to atol | semmle.label | call to atol |
| test.cpp:148:20:148:33 | *call to getenv | semmle.label | *call to getenv |
| test.cpp:152:11:152:28 | ... * ... | semmle.label | ... * ... |
| test.cpp:224:8:224:23 | *get_tainted_size | semmle.label | *get_tainted_size |
| test.cpp:226:9:226:42 | ... * ... | semmle.label | ... * ... |
| test.cpp:226:14:226:27 | *call to getenv | semmle.label | *call to getenv |
| test.cpp:245:21:245:21 | s | semmle.label | s |
| test.cpp:246:21:246:21 | s | semmle.label | s |
| test.cpp:252:19:252:52 | ... * ... | semmle.label | ... * ... |
| test.cpp:252:24:252:37 | *call to getenv | semmle.label | *call to getenv |
| test.cpp:254:9:254:18 | local_size | semmle.label | local_size |
| test.cpp:256:9:256:24 | call to get_tainted_size | semmle.label | call to get_tainted_size |
| test.cpp:260:11:260:20 | local_size | semmle.label | local_size |
| test.cpp:262:10:262:19 | local_size | semmle.label | local_size |
| test.cpp:265:20:265:27 | *out_size | semmle.label | *out_size |
| test.cpp:266:2:266:32 | ... = ... | semmle.label | ... = ... |
| test.cpp:266:18:266:31 | *call to getenv | semmle.label | *call to getenv |
| test.cpp:274:15:274:18 | call to atoi | semmle.label | call to atoi |
| test.cpp:274:20:274:33 | *call to getenv | semmle.label | *call to getenv |
| test.cpp:278:11:278:29 | ... * ... | semmle.label | ... * ... |
| test.cpp:304:17:304:20 | get_size output argument | semmle.label | get_size output argument |
| test.cpp:306:11:306:28 | ... * ... | semmle.label | ... * ... |
| test.cpp:320:18:320:21 | get_size output argument | semmle.label | get_size output argument |
| test.cpp:323:10:323:27 | ... * ... | semmle.label | ... * ... |
| test.cpp:368:13:368:16 | call to atoi | semmle.label | call to atoi |
| test.cpp:368:18:368:31 | *call to getenv | semmle.label | *call to getenv |
| test.cpp:370:35:370:38 | size | semmle.label | size |
| test.cpp:371:35:371:38 | size | semmle.label | size |
subpaths
#select
| test.cpp:43:31:43:36 | call to malloc | test.cpp:39:27:39:30 | **argv | test.cpp:43:38:43:44 | tainted | This allocation size is derived from $@ and could allocate arbitrary amounts of memory. | test.cpp:39:27:39:30 | **argv | user input (a command-line argument) |
| test.cpp:44:31:44:36 | call to malloc | test.cpp:39:27:39:30 | **argv | test.cpp:44:38:44:63 | ... * ... | This allocation size is derived from $@ and could allocate arbitrary amounts of memory. | test.cpp:39:27:39:30 | **argv | user input (a command-line argument) |
| test.cpp:46:31:46:36 | call to malloc | test.cpp:39:27:39:30 | **argv | test.cpp:46:38:46:63 | ... + ... | This allocation size is derived from $@ and could allocate arbitrary amounts of memory. | test.cpp:39:27:39:30 | **argv | user input (a command-line argument) |
| test.cpp:49:25:49:30 | call to malloc | test.cpp:39:27:39:30 | **argv | test.cpp:49:32:49:35 | size | This allocation size is derived from $@ and could allocate arbitrary amounts of memory. | test.cpp:39:27:39:30 | **argv | user input (a command-line argument) |
| test.cpp:50:17:50:30 | new[] | test.cpp:39:27:39:30 | **argv | test.cpp:50:17:50:30 | size | This allocation size is derived from $@ and could allocate arbitrary amounts of memory. | test.cpp:39:27:39:30 | **argv | user input (a command-line argument) |
| test.cpp:53:21:53:27 | call to realloc | test.cpp:39:27:39:30 | **argv | test.cpp:53:35:53:60 | ... * ... | This allocation size is derived from $@ and could allocate arbitrary amounts of memory. | test.cpp:39:27:39:30 | **argv | user input (a command-line argument) |
| test.cpp:128:17:128:22 | call to malloc | test.cpp:124:18:124:31 | *call to getenv | test.cpp:128:24:128:41 | ... * ... | This allocation size is derived from $@ and could allocate arbitrary amounts of memory. | test.cpp:124:18:124:31 | *call to getenv | user input (an environment variable) |
| test.cpp:135:3:135:8 | call to malloc | test.cpp:133:19:133:32 | *call to getenv | test.cpp:135:10:135:27 | ... * ... | This allocation size is derived from $@ and could allocate arbitrary amounts of memory. | test.cpp:133:19:133:32 | *call to getenv | user input (an environment variable) |
| test.cpp:152:4:152:9 | call to malloc | test.cpp:148:20:148:33 | *call to getenv | test.cpp:152:11:152:28 | ... * ... | This allocation size is derived from $@ and could allocate arbitrary amounts of memory. | test.cpp:148:20:148:33 | *call to getenv | user input (an environment variable) |
| test.cpp:246:14:246:19 | call to malloc | test.cpp:252:24:252:37 | *call to getenv | test.cpp:246:21:246:21 | s | This allocation size is derived from $@ and could allocate arbitrary amounts of memory. | test.cpp:252:24:252:37 | *call to getenv | user input (an environment variable) |
| test.cpp:254:2:254:7 | call to malloc | test.cpp:252:24:252:37 | *call to getenv | test.cpp:254:9:254:18 | local_size | This allocation size is derived from $@ and could allocate arbitrary amounts of memory. | test.cpp:252:24:252:37 | *call to getenv | user input (an environment variable) |
| test.cpp:256:2:256:7 | call to malloc | test.cpp:226:14:226:27 | *call to getenv | test.cpp:256:9:256:24 | call to get_tainted_size | This allocation size is derived from $@ and could allocate arbitrary amounts of memory. | test.cpp:226:14:226:27 | *call to getenv | user input (an environment variable) |
| test.cpp:260:2:260:9 | call to my_alloc | test.cpp:252:24:252:37 | *call to getenv | test.cpp:260:11:260:20 | local_size | This allocation size is derived from $@ and could allocate arbitrary amounts of memory. | test.cpp:252:24:252:37 | *call to getenv | user input (an environment variable) |
| test.cpp:278:4:278:9 | call to malloc | test.cpp:274:20:274:33 | *call to getenv | test.cpp:278:11:278:29 | ... * ... | This allocation size is derived from $@ and could allocate arbitrary amounts of memory. | test.cpp:274:20:274:33 | *call to getenv | user input (an environment variable) |
| test.cpp:306:4:306:9 | call to malloc | test.cpp:266:18:266:31 | *call to getenv | test.cpp:306:11:306:28 | ... * ... | This allocation size is derived from $@ and could allocate arbitrary amounts of memory. | test.cpp:266:18:266:31 | *call to getenv | user input (an environment variable) |
| test.cpp:323:3:323:8 | call to malloc | test.cpp:266:18:266:31 | *call to getenv | test.cpp:323:10:323:27 | ... * ... | This allocation size is derived from $@ and could allocate arbitrary amounts of memory. | test.cpp:266:18:266:31 | *call to getenv | user input (an environment variable) |
| test.cpp:370:25:370:33 | call to MyMalloc1 | test.cpp:368:18:368:31 | *call to getenv | test.cpp:370:35:370:38 | size | This allocation size is derived from $@ and could allocate arbitrary amounts of memory. | test.cpp:368:18:368:31 | *call to getenv | user input (an environment variable) |
| test.cpp:371:25:371:33 | call to MyMalloc2 | test.cpp:368:18:368:31 | *call to getenv | test.cpp:371:35:371:38 | size | This allocation size is derived from $@ and could allocate arbitrary amounts of memory. | test.cpp:368:18:368:31 | *call to getenv | user input (an environment variable) |
