| test.cpp:31:97:31:100 | 2048 | Iteration count $@ is passed to this to KDF. Use at least 100000 iterations when deriving cryptographic key from password. | test.cpp:31:97:31:100 | 2048 | 2048 |
