| test.cpp:31:123:31:123 | 8 | Key size $@ is passed to this to KDF. Use at least 16 bytes for key length when deriving cryptographic key from password. | test.cpp:31:123:31:123 | 8 | 8 |
