| test.cpp:31:94:31:94 | 8 | Salt size $@ is passed to this to KDF. Use at least 16 bytes for salt size when deriving cryptographic key from password. | test.cpp:31:94:31:94 | 8 | 8 |
